=== Docker stack restart at Sun Jun 21 22:29:33 UTC 2026 ===
Stopping toulouse_cinema_backend_1     ... 
Stopping toulouse_cinema_frontend_tc_1 ... 
Stopping toulouse_cinema_frontend_tc_1 ... done
Stopping toulouse_cinema_backend_1     ... done
Found orphan containers (toulouse_cinema_frontend_dev_1) for this project. If you removed or renamed this service in your compose file, you can run this command with the --remove-orphans flag to clean it up.
Removing toulouse_cinema_backend_1     ... 
Removing toulouse_cinema_frontend_tc_1 ... 
Removing toulouse_cinema_frontend_tc_1 ... done
Removing toulouse_cinema_backend_1     ... done
Network traefik_proxy is external, skipping
Found orphan containers (toulouse_cinema_frontend_dev_1) for this project. If you removed or renamed this service in your compose file, you can run this command with the --remove-orphans flag to clean it up.
Building backend
DEPRECATED: The legacy builder is deprecated and will be removed in a future release.
            Install the buildx component to build images with BuildKit:
            https://docs.docker.com/go/buildx/

Sending build context to Docker daemon  228.6MB
Step 1/11 : FROM python:3.11-slim
 ---> a8a3e0a84b0d
Step 2/11 : RUN apt-get update && apt-get install -y     cron     && rm -rf /var/lib/apt/lists/*
 ---> Using cache
 ---> 90512ea63abe
Step 3/11 : WORKDIR /app
 ---> Using cache
 ---> 621002cec040
Step 4/11 : COPY . .
 ---> 6c69e79c6ac8
Step 5/11 : RUN ls -la &&     ls -la scripts/ &&     pwd
 ---> Running in 5113d161fc93
total 184
drwxr-xr-x  1 root root  4096 Jun 21 22:30 .
drwxr-xr-x  1 root root  4096 Jun 21 22:30 ..
-rw-rw-r--  1 root root   721 Apr  2  2025 Dockerfile
-rw-rw-r--  1 root root 15931 Jan 17 20:41 FRONTEND_DOCUMENTATION.md
-rw-rw-r--  1 root root   637 Apr  2  2025 README.md
-rw-rw-r--  1 root root 20996 Jan 17 21:17 SCRAPING_DOCUMENTATION.md
drwxrwxr-x  2 root root  4096 Apr  2  2025 assets
-rw-rw-r--  1 root root   292 Jun 21 22:27 crontab
-rwxrwxr-x  1 root root   496 Jan 17 20:17 dev-start.sh
-rw-rw-r--  1 root root  3881 Apr  2  2025 devbook.md
-rw-rw-r--  1 root root  2291 Jun 21 22:21 docker-compose.yml
-rw-rw-r--  1 root root   625 Apr  2  2025 docker-entrypoint.sh
drwxrwxr-x 15 root root  4096 Jan 17 20:30 frontend
drwxrwxr-x  2 root root  4096 Jun 21 22:29 logs
-rw-rw-r--  1 root root 88884 Apr  2  2025 package-lock.json
-rw-rw-r--  1 root root   116 Apr  2  2025 package.json
drwxrwxr-x  4 root root  4096 Jun 21 22:27 scripts
total 44
drwxrwxr-x 4 root root 4096 Jun 21 22:27 .
drwxr-xr-x 1 root root 4096 Jun 21 22:30 ..
drwxrwxr-x 2 root root 4096 Jan 17 19:51 constants
-rw-rw-r-- 1 root root 6679 Apr  2  2025 get_tmdb_data.py
-rw-rw-r-- 1 root root  135 Apr  2  2025 requirements.txt
-rwxrwxr-x 1 root root  439 Jun 21 22:29 restart_docker_stack.sh
drwxrwxr-x 3 root root 4096 Jan 17 20:21 scrapers
-rwxrwxr-x 1 root root 7472 Jun 21 22:18 sync_to_vercel.py
-rw-rw-r-- 1 root root 2626 Jun 21 22:27 update_seances.py
/app
 ---> Removed intermediate container 5113d161fc93
 ---> f950f6673555
Step 6/11 : RUN pip install --no-cache-dir -r scripts/requirements.txt
 ---> Running in f6c0d426ba17
Collecting beautifulsoup4==4.12.3 (from -r scripts/requirements.txt (line 2))
  Downloading beautifulsoup4-4.12.3-py3-none-any.whl.metadata (3.8 kB)
Collecting requests==2.31.0 (from -r scripts/requirements.txt (line 3))
  Downloading requests-2.31.0-py3-none-any.whl.metadata (4.6 kB)
Collecting scrapy==2.11.1 (from -r scripts/requirements.txt (line 4))
  Downloading Scrapy-2.11.1-py2.py3-none-any.whl.metadata (5.3 kB)
Collecting python-dotenv==1.0.1 (from -r scripts/requirements.txt (line 7))
  Downloading python_dotenv-1.0.1-py3-none-any.whl.metadata (23 kB)
Collecting allocine-seances==0.0.12 (from -r scripts/requirements.txt (line 10))
  Downloading allocine_seances-0.0.12-py3-none-any.whl.metadata (4.9 kB)
Collecting soupsieve>1.2 (from beautifulsoup4==4.12.3->-r scripts/requirements.txt (line 2))
  Downloading soupsieve-2.8.4-py3-none-any.whl.metadata (4.6 kB)
Collecting charset-normalizer<4,>=2 (from requests==2.31.0->-r scripts/requirements.txt (line 3))
  Downloading charset_normalizer-3.4.7-cp311-cp311-manylinux2014_x86_64.manylinux_2_17_x86_64.manylinux_2_28_x86_64.whl.metadata (40 kB)
     ━━━━━━━━━━━━━━━━━━━━━━━━━━━━━━━━━━━━━━━ 40.9/40.9 kB 240.4 MB/s eta 0:00:00
Collecting idna<4,>=2.5 (from requests==2.31.0->-r scripts/requirements.txt (line 3))
  Downloading idna-3.18-py3-none-any.whl.metadata (6.1 kB)
Collecting urllib3<3,>=1.21.1 (from requests==2.31.0->-r scripts/requirements.txt (line 3))
  Downloading urllib3-2.7.0-py3-none-any.whl.metadata (6.9 kB)
Collecting certifi>=2017.4.17 (from requests==2.31.0->-r scripts/requirements.txt (line 3))
  Downloading certifi-2026.6.17-py3-none-any.whl.metadata (2.5 kB)
Collecting Twisted>=18.9.0 (from scrapy==2.11.1->-r scripts/requirements.txt (line 4))
  Downloading twisted-26.4.0-py3-none-any.whl.metadata (15 kB)
Collecting cryptography>=36.0.0 (from scrapy==2.11.1->-r scripts/requirements.txt (line 4))
  Downloading cryptography-49.0.0-cp311-abi3-manylinux_2_34_x86_64.whl.metadata (4.3 kB)
Collecting cssselect>=0.9.1 (from scrapy==2.11.1->-r scripts/requirements.txt (line 4))
  Downloading cssselect-1.4.0-py3-none-any.whl.metadata (2.4 kB)
Collecting itemloaders>=1.0.1 (from scrapy==2.11.1->-r scripts/requirements.txt (line 4))
  Downloading itemloaders-1.4.0-py3-none-any.whl.metadata (4.2 kB)
Collecting parsel>=1.5.0 (from scrapy==2.11.1->-r scripts/requirements.txt (line 4))
  Downloading parsel-1.11.0-py3-none-any.whl.metadata (4.0 kB)
Collecting pyOpenSSL>=21.0.0 (from scrapy==2.11.1->-r scripts/requirements.txt (line 4))
  Downloading pyopenssl-26.3.0-py3-none-any.whl.metadata (22 kB)
Collecting queuelib>=1.4.2 (from scrapy==2.11.1->-r scripts/requirements.txt (line 4))
  Downloading queuelib-1.9.0-py3-none-any.whl.metadata (6.0 kB)
Collecting service-identity>=18.1.0 (from scrapy==2.11.1->-r scripts/requirements.txt (line 4))
  Downloading service_identity-26.1.0-py3-none-any.whl.metadata (4.8 kB)
Collecting w3lib>=1.17.0 (from scrapy==2.11.1->-r scripts/requirements.txt (line 4))
  Downloading w3lib-2.4.1-py3-none-any.whl.metadata (2.3 kB)
Collecting zope.interface>=5.1.0 (from scrapy==2.11.1->-r scripts/requirements.txt (line 4))
  Downloading zope_interface-8.5-cp311-cp311-manylinux1_x86_64.manylinux2014_x86_64.manylinux_2_17_x86_64.manylinux_2_5_x86_64.whl.metadata (47 kB)
     ━━━━━━━━━━━━━━━━━━━━━━━━━━━━━━━━━━━━━━━━ 47.2/47.2 kB 66.3 MB/s eta 0:00:00
Collecting protego>=0.1.15 (from scrapy==2.11.1->-r scripts/requirements.txt (line 4))
  Downloading protego-0.6.1-py3-none-any.whl.metadata (6.4 kB)
Collecting itemadapter>=0.1.0 (from scrapy==2.11.1->-r scripts/requirements.txt (line 4))
  Downloading itemadapter-0.13.1-py3-none-any.whl.metadata (22 kB)
Requirement already satisfied: setuptools in /usr/local/lib/python3.11/site-packages (from scrapy==2.11.1->-r scripts/requirements.txt (line 4)) (79.0.1)
Collecting packaging (from scrapy==2.11.1->-r scripts/requirements.txt (line 4))
  Downloading packaging-26.2-py3-none-any.whl.metadata (3.5 kB)
Collecting tldextract (from scrapy==2.11.1->-r scripts/requirements.txt (line 4))
  Downloading tldextract-5.3.1-py3-none-any.whl.metadata (7.3 kB)
Collecting lxml>=4.4.1 (from scrapy==2.11.1->-r scripts/requirements.txt (line 4))
  Downloading lxml-6.1.1-cp311-cp311-manylinux_2_26_x86_64.manylinux_2_28_x86_64.whl.metadata (3.5 kB)
Collecting PyDispatcher>=2.0.5 (from scrapy==2.11.1->-r scripts/requirements.txt (line 4))
  Downloading PyDispatcher-2.0.7-py3-none-any.whl.metadata (2.4 kB)
Collecting cffi>=2.0.0 (from cryptography>=36.0.0->scrapy==2.11.1->-r scripts/requirements.txt (line 4))
  Downloading cffi-2.0.0-cp311-cp311-manylinux2014_x86_64.manylinux_2_17_x86_64.whl.metadata (2.6 kB)
Collecting jmespath>=0.9.5 (from itemloaders>=1.0.1->scrapy==2.11.1->-r scripts/requirements.txt (line 4))
  Downloading jmespath-1.1.0-py3-none-any.whl.metadata (7.6 kB)
Collecting typing-extensions>=4.9 (from pyOpenSSL>=21.0.0->scrapy==2.11.1->-r scripts/requirements.txt (line 4))
  Downloading typing_extensions-4.15.0-py3-none-any.whl.metadata (3.3 kB)
Collecting attrs>=19.1.0 (from service-identity>=18.1.0->scrapy==2.11.1->-r scripts/requirements.txt (line 4))
  Downloading attrs-26.1.0-py3-none-any.whl.metadata (8.8 kB)
Collecting automat>=24.8.0 (from Twisted>=18.9.0->scrapy==2.11.1->-r scripts/requirements.txt (line 4))
  Downloading automat-25.4.16-py3-none-any.whl.metadata (8.4 kB)
Collecting constantly>=15.1 (from Twisted>=18.9.0->scrapy==2.11.1->-r scripts/requirements.txt (line 4))
  Downloading constantly-23.10.4-py3-none-any.whl.metadata (1.8 kB)
Collecting hyperlink>=17.1.1 (from Twisted>=18.9.0->scrapy==2.11.1->-r scripts/requirements.txt (line 4))
  Downloading hyperlink-21.0.0-py2.py3-none-any.whl.metadata (1.5 kB)
Collecting incremental>=24.7.0 (from Twisted>=18.9.0->scrapy==2.11.1->-r scripts/requirements.txt (line 4))
  Downloading incremental-24.11.0-py3-none-any.whl.metadata (9.5 kB)
Collecting requests-file>=1.4 (from tldextract->scrapy==2.11.1->-r scripts/requirements.txt (line 4))
  Downloading requests_file-3.0.1-py2.py3-none-any.whl.metadata (1.7 kB)
Collecting filelock>=3.0.8 (from tldextract->scrapy==2.11.1->-r scripts/requirements.txt (line 4))
  Downloading filelock-3.29.4-py3-none-any.whl.metadata (2.0 kB)
Collecting pycparser (from cffi>=2.0.0->cryptography>=36.0.0->scrapy==2.11.1->-r scripts/requirements.txt (line 4))
  Downloading pycparser-3.0-py3-none-any.whl.metadata (8.2 kB)
Downloading beautifulsoup4-4.12.3-py3-none-any.whl (147 kB)
   ━━━━━━━━━━━━━━━━━━━━━━━━━━━━━━━━━━━━━━━ 147.9/147.9 kB 336.8 MB/s eta 0:00:00
Downloading requests-2.31.0-py3-none-any.whl (62 kB)
   ━━━━━━━━━━━━━━━━━━━━━━━━━━━━━━━━━━━━━━━━ 62.6/62.6 kB 324.9 MB/s eta 0:00:00
Downloading Scrapy-2.11.1-py2.py3-none-any.whl (287 kB)
   ━━━━━━━━━━━━━━━━━━━━━━━━━━━━━━━━━━━━━━━ 287.8/287.8 kB 116.3 MB/s eta 0:00:00
Downloading python_dotenv-1.0.1-py3-none-any.whl (19 kB)
Downloading allocine_seances-0.0.12-py3-none-any.whl (7.0 kB)
Downloading certifi-2026.6.17-py3-none-any.whl (133 kB)
   ━━━━━━━━━━━━━━━━━━━━━━━━━━━━━━━━━━━━━━━ 133.3/133.3 kB 321.3 MB/s eta 0:00:00
Downloading charset_normalizer-3.4.7-cp311-cp311-manylinux2014_x86_64.manylinux_2_17_x86_64.manylinux_2_28_x86_64.whl (214 kB)
   ━━━━━━━━━━━━━━━━━━━━━━━━━━━━━━━━━━━━━━━ 214.1/214.1 kB 184.0 MB/s eta 0:00:00
Downloading cryptography-49.0.0-cp311-abi3-manylinux_2_34_x86_64.whl (4.7 MB)
   ━━━━━━━━━━━━━━━━━━━━━━━━━━━━━━━━━━━━━━━━ 4.7/4.7 MB 121.1 MB/s eta 0:00:00
Downloading cssselect-1.4.0-py3-none-any.whl (18 kB)
Downloading idna-3.18-py3-none-any.whl (65 kB)
   ━━━━━━━━━━━━━━━━━━━━━━━━━━━━━━━━━━━━━━━━ 65.5/65.5 kB 307.7 MB/s eta 0:00:00
Downloading itemadapter-0.13.1-py3-none-any.whl (18 kB)
Downloading itemloaders-1.4.0-py3-none-any.whl (12 kB)
Downloading lxml-6.1.1-cp311-cp311-manylinux_2_26_x86_64.manylinux_2_28_x86_64.whl (5.2 MB)
   ━━━━━━━━━━━━━━━━━━━━━━━━━━━━━━━━━━━━━━━━ 5.2/5.2 MB 129.9 MB/s eta 0:00:00
Downloading parsel-1.11.0-py3-none-any.whl (14 kB)
Downloading packaging-26.2-py3-none-any.whl (100 kB)
   ━━━━━━━━━━━━━━━━━━━━━━━━━━━━━━━━━━━━━━━ 100.2/100.2 kB 303.6 MB/s eta 0:00:00
Downloading protego-0.6.1-py3-none-any.whl (10 kB)
Downloading PyDispatcher-2.0.7-py3-none-any.whl (12 kB)
Downloading pyopenssl-26.3.0-py3-none-any.whl (56 kB)
   ━━━━━━━━━━━━━━━━━━━━━━━━━━━━━━━━━━━━━━━━ 56.0/56.0 kB 246.0 MB/s eta 0:00:00
Downloading queuelib-1.9.0-py3-none-any.whl (13 kB)
Downloading service_identity-26.1.0-py3-none-any.whl (11 kB)
Downloading soupsieve-2.8.4-py3-none-any.whl (37 kB)
Downloading twisted-26.4.0-py3-none-any.whl (3.2 MB)
   ━━━━━━━━━━━━━━━━━━━━━━━━━━━━━━━━━━━━━━━━ 3.2/3.2 MB 127.4 MB/s eta 0:00:00
Downloading urllib3-2.7.0-py3-none-any.whl (131 kB)
   ━━━━━━━━━━━━━━━━━━━━━━━━━━━━━━━━━━━━━━━ 131.1/131.1 kB 230.1 MB/s eta 0:00:00
Downloading w3lib-2.4.1-py3-none-any.whl (21 kB)
Downloading zope_interface-8.5-cp311-cp311-manylinux1_x86_64.manylinux2014_x86_64.manylinux_2_17_x86_64.manylinux_2_5_x86_64.whl (265 kB)
   ━━━━━━━━━━━━━━━━━━━━━━━━━━━━━━━━━━━━━━━ 265.3/265.3 kB 145.9 MB/s eta 0:00:00
Downloading tldextract-5.3.1-py3-none-any.whl (105 kB)
   ━━━━━━━━━━━━━━━━━━━━━━━━━━━━━━━━━━━━━━━━ 105.9/105.9 kB 90.6 MB/s eta 0:00:00
Downloading attrs-26.1.0-py3-none-any.whl (67 kB)
   ━━━━━━━━━━━━━━━━━━━━━━━━━━━━━━━━━━━━━━━━ 67.5/67.5 kB 133.4 MB/s eta 0:00:00
Downloading automat-25.4.16-py3-none-any.whl (42 kB)
   ━━━━━━━━━━━━━━━━━━━━━━━━━━━━━━━━━━━━━━━━ 42.8/42.8 kB 167.5 MB/s eta 0:00:00
Downloading cffi-2.0.0-cp311-cp311-manylinux2014_x86_64.manylinux_2_17_x86_64.whl (215 kB)
   ━━━━━━━━━━━━━━━━━━━━━━━━━━━━━━━━━━━━━━━ 215.6/215.6 kB 182.5 MB/s eta 0:00:00
Downloading constantly-23.10.4-py3-none-any.whl (13 kB)
Downloading filelock-3.29.4-py3-none-any.whl (42 kB)
   ━━━━━━━━━━━━━━━━━━━━━━━━━━━━━━━━━━━━━━━━ 42.8/42.8 kB 161.3 MB/s eta 0:00:00
Downloading hyperlink-21.0.0-py2.py3-none-any.whl (74 kB)
   ━━━━━━━━━━━━━━━━━━━━━━━━━━━━━━━━━━━━━━━━ 74.6/74.6 kB 185.8 MB/s eta 0:00:00
Downloading incremental-24.11.0-py3-none-any.whl (21 kB)
Downloading jmespath-1.1.0-py3-none-any.whl (20 kB)
Downloading requests_file-3.0.1-py2.py3-none-any.whl (4.5 kB)
Downloading typing_extensions-4.15.0-py3-none-any.whl (44 kB)
   ━━━━━━━━━━━━━━━━━━━━━━━━━━━━━━━━━━━━━━━━ 44.6/44.6 kB 278.4 MB/s eta 0:00:00
Downloading pycparser-3.0-py3-none-any.whl (48 kB)
   ━━━━━━━━━━━━━━━━━━━━━━━━━━━━━━━━━━━━━━━━ 48.2/48.2 kB 252.8 MB/s eta 0:00:00
Installing collected packages: PyDispatcher, zope.interface, w3lib, urllib3, typing-extensions, soupsieve, queuelib, python-dotenv, pycparser, protego, packaging, lxml, jmespath, itemadapter, idna, filelock, cssselect, constantly, charset-normalizer, certifi, automat, attrs, requests, parsel, incremental, hyperlink, cffi, beautifulsoup4, Twisted, requests-file, itemloaders, cryptography, allocine-seances, tldextract, service-identity, pyOpenSSL, scrapy
Successfully installed PyDispatcher-2.0.7 Twisted-26.4.0 allocine-seances-0.0.12 attrs-26.1.0 automat-25.4.16 beautifulsoup4-4.12.3 certifi-2026.6.17 cffi-2.0.0 charset-normalizer-3.4.7 constantly-23.10.4 cryptography-49.0.0 cssselect-1.4.0 filelock-3.29.4 hyperlink-21.0.0 idna-3.18 incremental-24.11.0 itemadapter-0.13.1 itemloaders-1.4.0 jmespath-1.1.0 lxml-6.1.1 packaging-26.2 parsel-1.11.0 protego-0.6.1 pyOpenSSL-26.3.0 pycparser-3.0 python-dotenv-1.0.1 queuelib-1.9.0 requests-2.31.0 requests-file-3.0.1 scrapy-2.11.1 service-identity-26.1.0 soupsieve-2.8.4 tldextract-5.3.1 typing-extensions-4.15.0 urllib3-2.7.0 w3lib-2.4.1 zope.interface-8.5
[91mWARNING: Running pip as the 'root' user can result in broken permissions and conflicting behaviour with the system package manager. It is recommended to use a virtual environment instead: https://pip.pypa.io/warnings/venv
[0m[91m
[notice] A new release of pip is available: 24.0 -> 26.1.2
[notice] To update, run: pip install --upgrade pip
[0m ---> Removed intermediate container f6c0d426ba17
 ---> 2210cc4cded2
Step 7/11 : COPY crontab /etc/cron.d/update-seances
 ---> ee999803b931
Step 8/11 : RUN chmod 0644 /etc/cron.d/update-seances &&     touch /var/log/cron.log &&     chmod 0666 /var/log/cron.log
 ---> Running in 3c5fafecdea5
 ---> Removed intermediate container 3c5fafecdea5
 ---> 1b6e42026bad
Step 9/11 : COPY docker-entrypoint.sh /
 ---> 1836ec6a0e33
Step 10/11 : RUN chmod +x /docker-entrypoint.sh
 ---> Running in 0263d97c059d
 ---> Removed intermediate container 0263d97c059d
 ---> 6c19717d78d5
Step 11/11 : ENTRYPOINT ["/docker-entrypoint.sh"]
 ---> Running in f17098edc0d0
 ---> Removed intermediate container f17098edc0d0
 ---> 1c9554d3b354
Successfully built 1c9554d3b354
Successfully tagged toulouse_cinema_backend:latest
Building frontend_tc
DEPRECATED: The legacy builder is deprecated and will be removed in a future release.
            Install the buildx component to build images with BuildKit:
            https://docs.docker.com/go/buildx/

Sending build context to Docker daemon  228.4MB
Step 1/16 : FROM node:20.18.0-slim as builder
 ---> 9925db94a540
Step 2/16 : ENV NODE_ENV=production
 ---> Using cache
 ---> c337ee8ffd15
Step 3/16 : ENV HUSKY=0
 ---> Using cache
 ---> a637a292eff1
Step 4/16 : ENV PORT=3001
 ---> Using cache
 ---> dc342a4700b6
Step 5/16 : WORKDIR /app
 ---> Using cache
 ---> 6e8ff19f9087
Step 6/16 : COPY package*.json ./
 ---> Using cache
 ---> 12aab042ad38
Step 7/16 : RUN npm install
 ---> Using cache
 ---> d24abb654e23
Step 8/16 : COPY . .
 ---> Using cache
 ---> e70077c3fc81
Step 9/16 : RUN npm run build
 ---> Using cache
 ---> dd06b58514cb
Step 10/16 : FROM node:20.18.0-alpine
 ---> 115ff17faabb
Step 11/16 : WORKDIR /app
 ---> Using cache
 ---> 3ac7470ec90f
Step 12/16 : COPY --from=builder /app/.output /app/.output
 ---> Using cache
 ---> c6b6ed424b30
Step 13/16 : EXPOSE ${PORT}
 ---> Using cache
 ---> f9004d9140b7
Step 14/16 : HEALTHCHECK --interval=30s --timeout=3s --start-period=5s --retries=3     CMD wget --no-verbose --tries=1 --spider http://localhost:${PORT}/ || exit 1
 ---> Using cache
 ---> 1aed091e215c
Step 15/16 : USER node
 ---> Using cache
 ---> d16ba835f448
Step 16/16 : CMD ["node", ".output/server/index.mjs"]
 ---> Using cache
 ---> 2a79762cead9
Successfully built 2a79762cead9
Successfully tagged toulouse_cinema_frontend_tc:latest
Creating toulouse_cinema_backend_1 ... 
Creating toulouse_cinema_backend_1 ... done
Creating toulouse_cinema_frontend_tc_1 ... 
Creating toulouse_cinema_frontend_tc_1 ... done
=== Restart completed at Sun Jun 21 22:30:40 UTC 2026 ===
=== Docker stack restart at Mon Jun 22 01:25:01 UTC 2026 ===
Stopping toulouse_cinema_frontend_tc_1 ... 
Stopping toulouse_cinema_backend_1     ... 
Stopping toulouse_cinema_frontend_tc_1 ... done
Stopping toulouse_cinema_backend_1     ... done
Found orphan containers (toulouse_cinema_frontend_dev_1) for this project. If you removed or renamed this service in your compose file, you can run this command with the --remove-orphans flag to clean it up.
Removing toulouse_cinema_frontend_tc_1 ... 
Removing toulouse_cinema_backend_1     ... 
Removing toulouse_cinema_frontend_tc_1 ... done
Removing toulouse_cinema_backend_1     ... done
Network traefik_proxy is external, skipping
Found orphan containers (toulouse_cinema_frontend_dev_1) for this project. If you removed or renamed this service in your compose file, you can run this command with the --remove-orphans flag to clean it up.
Building backend
DEPRECATED: The legacy builder is deprecated and will be removed in a future release.
            Install the buildx component to build images with BuildKit:
            https://docs.docker.com/go/buildx/

Sending build context to Docker daemon  228.5MB
Step 1/11 : FROM python:3.11-slim
3.11-slim: Pulling from library/python
Digest: sha256:ae52c5bef62a6bdd42cd1e8dffef86b9cd284bde9427da79839de7a4b983e7ca
Status: Downloaded newer image for python:3.11-slim
 ---> a8a3e0a84b0d
Step 2/11 : RUN apt-get update && apt-get install -y     cron     && rm -rf /var/lib/apt/lists/*
 ---> Using cache
 ---> 90512ea63abe
Step 3/11 : WORKDIR /app
 ---> Using cache
 ---> 621002cec040
Step 4/11 : COPY . .
 ---> b4a80548ffdd
Step 5/11 : RUN ls -la &&     ls -la scripts/ &&     pwd
 ---> Running in c7c683aef3d2
total 184
drwxr-xr-x  1 root root  4096 Jun 22 01:25 .
drwxr-xr-x  1 root root  4096 Jun 22 01:25 ..
-rw-rw-r--  1 root root   721 Apr  2  2025 Dockerfile
-rw-rw-r--  1 root root 15931 Jan 17 20:41 FRONTEND_DOCUMENTATION.md
-rw-rw-r--  1 root root   637 Apr  2  2025 README.md
-rw-rw-r--  1 root root 20996 Jan 17 21:17 SCRAPING_DOCUMENTATION.md
drwxrwxr-x  2 root root  4096 Apr  2  2025 assets
-rw-rw-r--  1 root root   292 Jun 21 22:27 crontab
-rwxrwxr-x  1 root root   496 Jan 17 20:17 dev-start.sh
-rw-rw-r--  1 root root  3881 Apr  2  2025 devbook.md
-rw-rw-r--  1 root root  2291 Jun 21 22:21 docker-compose.yml
-rw-rw-r--  1 root root   625 Apr  2  2025 docker-entrypoint.sh
drwxrwxr-x 15 root root  4096 Jan 17 20:30 frontend
drwxrwxr-x  2 root root  4096 Jun 21 22:29 logs
-rw-rw-r--  1 root root 88884 Apr  2  2025 package-lock.json
-rw-rw-r--  1 root root   116 Apr  2  2025 package.json
drwxrwxr-x  4 root root  4096 Jun 21 22:27 scripts
total 44
drwxrwxr-x 4 root root 4096 Jun 21 22:27 .
drwxr-xr-x 1 root root 4096 Jun 22 01:25 ..
drwxrwxr-x 2 root root 4096 Jan 17 19:51 constants
-rw-rw-r-- 1 root root 6679 Apr  2  2025 get_tmdb_data.py
-rw-rw-r-- 1 root root  135 Apr  2  2025 requirements.txt
-rwxrwxr-x 1 root root  439 Jun 21 22:29 restart_docker_stack.sh
drwxrwxr-x 3 root root 4096 Jan 17 20:21 scrapers
-rwxrwxr-x 1 root root 7472 Jun 21 22:18 sync_to_vercel.py
-rw-rw-r-- 1 root root 2626 Jun 21 22:27 update_seances.py
/app
 ---> Removed intermediate container c7c683aef3d2
 ---> d98cf3b24e85
Step 6/11 : RUN pip install --no-cache-dir -r scripts/requirements.txt
 ---> Running in b4a18f655568
Collecting beautifulsoup4==4.12.3 (from -r scripts/requirements.txt (line 2))
  Downloading beautifulsoup4-4.12.3-py3-none-any.whl.metadata (3.8 kB)
Collecting requests==2.31.0 (from -r scripts/requirements.txt (line 3))
  Downloading requests-2.31.0-py3-none-any.whl.metadata (4.6 kB)
Collecting scrapy==2.11.1 (from -r scripts/requirements.txt (line 4))
  Downloading Scrapy-2.11.1-py2.py3-none-any.whl.metadata (5.3 kB)
Collecting python-dotenv==1.0.1 (from -r scripts/requirements.txt (line 7))
  Downloading python_dotenv-1.0.1-py3-none-any.whl.metadata (23 kB)
Collecting allocine-seances==0.0.12 (from -r scripts/requirements.txt (line 10))
  Downloading allocine_seances-0.0.12-py3-none-any.whl.metadata (4.9 kB)
Collecting soupsieve>1.2 (from beautifulsoup4==4.12.3->-r scripts/requirements.txt (line 2))
  Downloading soupsieve-2.8.4-py3-none-any.whl.metadata (4.6 kB)
Collecting charset-normalizer<4,>=2 (from requests==2.31.0->-r scripts/requirements.txt (line 3))
  Downloading charset_normalizer-3.4.7-cp311-cp311-manylinux2014_x86_64.manylinux_2_17_x86_64.manylinux_2_28_x86_64.whl.metadata (40 kB)
     ━━━━━━━━━━━━━━━━━━━━━━━━━━━━━━━━━━━━━━━ 40.9/40.9 kB 168.2 MB/s eta 0:00:00
Collecting idna<4,>=2.5 (from requests==2.31.0->-r scripts/requirements.txt (line 3))
  Downloading idna-3.18-py3-none-any.whl.metadata (6.1 kB)
Collecting urllib3<3,>=1.21.1 (from requests==2.31.0->-r scripts/requirements.txt (line 3))
  Downloading urllib3-2.7.0-py3-none-any.whl.metadata (6.9 kB)
Collecting certifi>=2017.4.17 (from requests==2.31.0->-r scripts/requirements.txt (line 3))
  Downloading certifi-2026.6.17-py3-none-any.whl.metadata (2.5 kB)
Collecting Twisted>=18.9.0 (from scrapy==2.11.1->-r scripts/requirements.txt (line 4))
  Downloading twisted-26.4.0-py3-none-any.whl.metadata (15 kB)
Collecting cryptography>=36.0.0 (from scrapy==2.11.1->-r scripts/requirements.txt (line 4))
  Downloading cryptography-49.0.0-cp311-abi3-manylinux_2_34_x86_64.whl.metadata (4.3 kB)
Collecting cssselect>=0.9.1 (from scrapy==2.11.1->-r scripts/requirements.txt (line 4))
  Downloading cssselect-1.4.0-py3-none-any.whl.metadata (2.4 kB)
Collecting itemloaders>=1.0.1 (from scrapy==2.11.1->-r scripts/requirements.txt (line 4))
  Downloading itemloaders-1.4.0-py3-none-any.whl.metadata (4.2 kB)
Collecting parsel>=1.5.0 (from scrapy==2.11.1->-r scripts/requirements.txt (line 4))
  Downloading parsel-1.11.0-py3-none-any.whl.metadata (4.0 kB)
Collecting pyOpenSSL>=21.0.0 (from scrapy==2.11.1->-r scripts/requirements.txt (line 4))
  Downloading pyopenssl-26.3.0-py3-none-any.whl.metadata (22 kB)
Collecting queuelib>=1.4.2 (from scrapy==2.11.1->-r scripts/requirements.txt (line 4))
  Downloading queuelib-1.9.0-py3-none-any.whl.metadata (6.0 kB)
Collecting service-identity>=18.1.0 (from scrapy==2.11.1->-r scripts/requirements.txt (line 4))
  Downloading service_identity-26.1.0-py3-none-any.whl.metadata (4.8 kB)
Collecting w3lib>=1.17.0 (from scrapy==2.11.1->-r scripts/requirements.txt (line 4))
  Downloading w3lib-2.4.1-py3-none-any.whl.metadata (2.3 kB)
Collecting zope.interface>=5.1.0 (from scrapy==2.11.1->-r scripts/requirements.txt (line 4))
  Downloading zope_interface-8.5-cp311-cp311-manylinux1_x86_64.manylinux2014_x86_64.manylinux_2_17_x86_64.manylinux_2_5_x86_64.whl.metadata (47 kB)
     ━━━━━━━━━━━━━━━━━━━━━━━━━━━━━━━━━━━━━━━ 47.2/47.2 kB 305.8 MB/s eta 0:00:00
Collecting protego>=0.1.15 (from scrapy==2.11.1->-r scripts/requirements.txt (line 4))
  Downloading protego-0.6.1-py3-none-any.whl.metadata (6.4 kB)
Collecting itemadapter>=0.1.0 (from scrapy==2.11.1->-r scripts/requirements.txt (line 4))
  Downloading itemadapter-0.13.1-py3-none-any.whl.metadata (22 kB)
Requirement already satisfied: setuptools in /usr/local/lib/python3.11/site-packages (from scrapy==2.11.1->-r scripts/requirements.txt (line 4)) (79.0.1)
Collecting packaging (from scrapy==2.11.1->-r scripts/requirements.txt (line 4))
  Downloading packaging-26.2-py3-none-any.whl.metadata (3.5 kB)
Collecting tldextract (from scrapy==2.11.1->-r scripts/requirements.txt (line 4))
  Downloading tldextract-5.3.1-py3-none-any.whl.metadata (7.3 kB)
Collecting lxml>=4.4.1 (from scrapy==2.11.1->-r scripts/requirements.txt (line 4))
  Downloading lxml-6.1.1-cp311-cp311-manylinux_2_26_x86_64.manylinux_2_28_x86_64.whl.metadata (3.5 kB)
Collecting PyDispatcher>=2.0.5 (from scrapy==2.11.1->-r scripts/requirements.txt (line 4))
  Downloading PyDispatcher-2.0.7-py3-none-any.whl.metadata (2.4 kB)
Collecting cffi>=2.0.0 (from cryptography>=36.0.0->scrapy==2.11.1->-r scripts/requirements.txt (line 4))
  Downloading cffi-2.0.0-cp311-cp311-manylinux2014_x86_64.manylinux_2_17_x86_64.whl.metadata (2.6 kB)
Collecting jmespath>=0.9.5 (from itemloaders>=1.0.1->scrapy==2.11.1->-r scripts/requirements.txt (line 4))
  Downloading jmespath-1.1.0-py3-none-any.whl.metadata (7.6 kB)
Collecting typing-extensions>=4.9 (from pyOpenSSL>=21.0.0->scrapy==2.11.1->-r scripts/requirements.txt (line 4))
  Downloading typing_extensions-4.15.0-py3-none-any.whl.metadata (3.3 kB)
Collecting attrs>=19.1.0 (from service-identity>=18.1.0->scrapy==2.11.1->-r scripts/requirements.txt (line 4))
  Downloading attrs-26.1.0-py3-none-any.whl.metadata (8.8 kB)
Collecting automat>=24.8.0 (from Twisted>=18.9.0->scrapy==2.11.1->-r scripts/requirements.txt (line 4))
  Downloading automat-25.4.16-py3-none-any.whl.metadata (8.4 kB)
Collecting constantly>=15.1 (from Twisted>=18.9.0->scrapy==2.11.1->-r scripts/requirements.txt (line 4))
  Downloading constantly-23.10.4-py3-none-any.whl.metadata (1.8 kB)
Collecting hyperlink>=17.1.1 (from Twisted>=18.9.0->scrapy==2.11.1->-r scripts/requirements.txt (line 4))
  Downloading hyperlink-21.0.0-py2.py3-none-any.whl.metadata (1.5 kB)
Collecting incremental>=24.7.0 (from Twisted>=18.9.0->scrapy==2.11.1->-r scripts/requirements.txt (line 4))
  Downloading incremental-24.11.0-py3-none-any.whl.metadata (9.5 kB)
Collecting requests-file>=1.4 (from tldextract->scrapy==2.11.1->-r scripts/requirements.txt (line 4))
  Downloading requests_file-3.0.1-py2.py3-none-any.whl.metadata (1.7 kB)
Collecting filelock>=3.0.8 (from tldextract->scrapy==2.11.1->-r scripts/requirements.txt (line 4))
  Downloading filelock-3.29.4-py3-none-any.whl.metadata (2.0 kB)
Collecting pycparser (from cffi>=2.0.0->cryptography>=36.0.0->scrapy==2.11.1->-r scripts/requirements.txt (line 4))
  Downloading pycparser-3.0-py3-none-any.whl.metadata (8.2 kB)
Downloading beautifulsoup4-4.12.3-py3-none-any.whl (147 kB)
   ━━━━━━━━━━━━━━━━━━━━━━━━━━━━━━━━━━━━━━━ 147.9/147.9 kB 222.8 MB/s eta 0:00:00
Downloading requests-2.31.0-py3-none-any.whl (62 kB)
   ━━━━━━━━━━━━━━━━━━━━━━━━━━━━━━━━━━━━━━━━ 62.6/62.6 kB 272.2 MB/s eta 0:00:00
Downloading Scrapy-2.11.1-py2.py3-none-any.whl (287 kB)
   ━━━━━━━━━━━━━━━━━━━━━━━━━━━━━━━━━━━━━━━ 287.8/287.8 kB 113.6 MB/s eta 0:00:00
Downloading python_dotenv-1.0.1-py3-none-any.whl (19 kB)
Downloading allocine_seances-0.0.12-py3-none-any.whl (7.0 kB)
Downloading certifi-2026.6.17-py3-none-any.whl (133 kB)
   ━━━━━━━━━━━━━━━━━━━━━━━━━━━━━━━━━━━━━━━ 133.3/133.3 kB 376.8 MB/s eta 0:00:00
Downloading charset_normalizer-3.4.7-cp311-cp311-manylinux2014_x86_64.manylinux_2_17_x86_64.manylinux_2_28_x86_64.whl (214 kB)
   ━━━━━━━━━━━━━━━━━━━━━━━━━━━━━━━━━━━━━━━ 214.1/214.1 kB 347.8 MB/s eta 0:00:00
Downloading cryptography-49.0.0-cp311-abi3-manylinux_2_34_x86_64.whl (4.7 MB)
   ━━━━━━━━━━━━━━━━━━━━━━━━━━━━━━━━━━━━━━━━ 4.7/4.7 MB 127.5 MB/s eta 0:00:00
Downloading cssselect-1.4.0-py3-none-any.whl (18 kB)
Downloading idna-3.18-py3-none-any.whl (65 kB)
   ━━━━━━━━━━━━━━━━━━━━━━━━━━━━━━━━━━━━━━━━ 65.5/65.5 kB 286.9 MB/s eta 0:00:00
Downloading itemadapter-0.13.1-py3-none-any.whl (18 kB)
Downloading itemloaders-1.4.0-py3-none-any.whl (12 kB)
Downloading lxml-6.1.1-cp311-cp311-manylinux_2_26_x86_64.manylinux_2_28_x86_64.whl (5.2 MB)
   ━━━━━━━━━━━━━━━━━━━━━━━━━━━━━━━━━━━━━━━━ 5.2/5.2 MB 128.5 MB/s eta 0:00:00
Downloading parsel-1.11.0-py3-none-any.whl (14 kB)
Downloading packaging-26.2-py3-none-any.whl (100 kB)
   ━━━━━━━━━━━━━━━━━━━━━━━━━━━━━━━━━━━━━━━ 100.2/100.2 kB 342.7 MB/s eta 0:00:00
Downloading protego-0.6.1-py3-none-any.whl (10 kB)
Downloading PyDispatcher-2.0.7-py3-none-any.whl (12 kB)
Downloading pyopenssl-26.3.0-py3-none-any.whl (56 kB)
   ━━━━━━━━━━━━━━━━━━━━━━━━━━━━━━━━━━━━━━━━ 56.0/56.0 kB 212.4 MB/s eta 0:00:00
Downloading queuelib-1.9.0-py3-none-any.whl (13 kB)
Downloading service_identity-26.1.0-py3-none-any.whl (11 kB)
Downloading soupsieve-2.8.4-py3-none-any.whl (37 kB)
Downloading twisted-26.4.0-py3-none-any.whl (3.2 MB)
   ━━━━━━━━━━━━━━━━━━━━━━━━━━━━━━━━━━━━━━━━ 3.2/3.2 MB 127.5 MB/s eta 0:00:00
Downloading urllib3-2.7.0-py3-none-any.whl (131 kB)
   ━━━━━━━━━━━━━━━━━━━━━━━━━━━━━━━━━━━━━━━ 131.1/131.1 kB 332.9 MB/s eta 0:00:00
Downloading w3lib-2.4.1-py3-none-any.whl (21 kB)
Downloading zope_interface-8.5-cp311-cp311-manylinux1_x86_64.manylinux2014_x86_64.manylinux_2_17_x86_64.manylinux_2_5_x86_64.whl (265 kB)
   ━━━━━━━━━━━━━━━━━━━━━━━━━━━━━━━━━━━━━━━ 265.3/265.3 kB 242.0 MB/s eta 0:00:00
Downloading tldextract-5.3.1-py3-none-any.whl (105 kB)
   ━━━━━━━━━━━━━━━━━━━━━━━━━━━━━━━━━━━━━━━ 105.9/105.9 kB 290.2 MB/s eta 0:00:00
Downloading attrs-26.1.0-py3-none-any.whl (67 kB)
   ━━━━━━━━━━━━━━━━━━━━━━━━━━━━━━━━━━━━━━━━ 67.5/67.5 kB 250.3 MB/s eta 0:00:00
Downloading automat-25.4.16-py3-none-any.whl (42 kB)
   ━━━━━━━━━━━━━━━━━━━━━━━━━━━━━━━━━━━━━━━━ 42.8/42.8 kB 176.0 MB/s eta 0:00:00
Downloading cffi-2.0.0-cp311-cp311-manylinux2014_x86_64.manylinux_2_17_x86_64.whl (215 kB)
   ━━━━━━━━━━━━━━━━━━━━━━━━━━━━━━━━━━━━━━━ 215.6/215.6 kB 312.1 MB/s eta 0:00:00
Downloading constantly-23.10.4-py3-none-any.whl (13 kB)
Downloading filelock-3.29.4-py3-none-any.whl (42 kB)
   ━━━━━━━━━━━━━━━━━━━━━━━━━━━━━━━━━━━━━━━━ 42.8/42.8 kB 174.8 MB/s eta 0:00:00
Downloading hyperlink-21.0.0-py2.py3-none-any.whl (74 kB)
   ━━━━━━━━━━━━━━━━━━━━━━━━━━━━━━━━━━━━━━━━ 74.6/74.6 kB 413.7 MB/s eta 0:00:00
Downloading incremental-24.11.0-py3-none-any.whl (21 kB)
Downloading jmespath-1.1.0-py3-none-any.whl (20 kB)
Downloading requests_file-3.0.1-py2.py3-none-any.whl (4.5 kB)
Downloading typing_extensions-4.15.0-py3-none-any.whl (44 kB)
   ━━━━━━━━━━━━━━━━━━━━━━━━━━━━━━━━━━━━━━━━ 44.6/44.6 kB 280.3 MB/s eta 0:00:00
Downloading pycparser-3.0-py3-none-any.whl (48 kB)
   ━━━━━━━━━━━━━━━━━━━━━━━━━━━━━━━━━━━━━━━━ 48.2/48.2 kB 286.3 MB/s eta 0:00:00
Installing collected packages: PyDispatcher, zope.interface, w3lib, urllib3, typing-extensions, soupsieve, queuelib, python-dotenv, pycparser, protego, packaging, lxml, jmespath, itemadapter, idna, filelock, cssselect, constantly, charset-normalizer, certifi, automat, attrs, requests, parsel, incremental, hyperlink, cffi, beautifulsoup4, Twisted, requests-file, itemloaders, cryptography, allocine-seances, tldextract, service-identity, pyOpenSSL, scrapy
Successfully installed PyDispatcher-2.0.7 Twisted-26.4.0 allocine-seances-0.0.12 attrs-26.1.0 automat-25.4.16 beautifulsoup4-4.12.3 certifi-2026.6.17 cffi-2.0.0 charset-normalizer-3.4.7 constantly-23.10.4 cryptography-49.0.0 cssselect-1.4.0 filelock-3.29.4 hyperlink-21.0.0 idna-3.18 incremental-24.11.0 itemadapter-0.13.1 itemloaders-1.4.0 jmespath-1.1.0 lxml-6.1.1 packaging-26.2 parsel-1.11.0 protego-0.6.1 pyOpenSSL-26.3.0 pycparser-3.0 python-dotenv-1.0.1 queuelib-1.9.0 requests-2.31.0 requests-file-3.0.1 scrapy-2.11.1 service-identity-26.1.0 soupsieve-2.8.4 tldextract-5.3.1 typing-extensions-4.15.0 urllib3-2.7.0 w3lib-2.4.1 zope.interface-8.5
[91mWARNING: Running pip as the 'root' user can result in broken permissions and conflicting behaviour with the system package manager. It is recommended to use a virtual environment instead: https://pip.pypa.io/warnings/venv
[0m[91m
[notice] A new release of pip is available: 24.0 -> 26.1.2
[notice] To update, run: pip install --upgrade pip
[0m ---> Removed intermediate container b4a18f655568
 ---> af26d3751e23
Step 7/11 : COPY crontab /etc/cron.d/update-seances
 ---> 3fd38acf2802
Step 8/11 : RUN chmod 0644 /etc/cron.d/update-seances &&     touch /var/log/cron.log &&     chmod 0666 /var/log/cron.log
 ---> Running in ce3da380d6c5
 ---> Removed intermediate container ce3da380d6c5
 ---> 76a90664d9bc
Step 9/11 : COPY docker-entrypoint.sh /
 ---> 6b88bfb92bfe
Step 10/11 : RUN chmod +x /docker-entrypoint.sh
 ---> Running in d267adbcc57f
 ---> Removed intermediate container d267adbcc57f
 ---> 2e7fb9921ac3
Step 11/11 : ENTRYPOINT ["/docker-entrypoint.sh"]
 ---> Running in 274b21741bc4
 ---> Removed intermediate container 274b21741bc4
 ---> 2e2b2bd43613
Successfully built 2e2b2bd43613
Successfully tagged toulouse_cinema_backend:latest
Building frontend_tc
DEPRECATED: The legacy builder is deprecated and will be removed in a future release.
            Install the buildx component to build images with BuildKit:
            https://docs.docker.com/go/buildx/

Sending build context to Docker daemon  228.3MB
Step 1/16 : FROM node:20.18.0-slim as builder
20.18.0-slim: Pulling from library/node
Digest: sha256:28fbbb764069c698ead61d6a739a7615e8f0e07a4b8fe1473ceca70c1c3d6aaa
Status: Downloaded newer image for node:20.18.0-slim
 ---> 9925db94a540
Step 2/16 : ENV NODE_ENV=production
 ---> Using cache
 ---> c337ee8ffd15
Step 3/16 : ENV HUSKY=0
 ---> Using cache
 ---> a637a292eff1
Step 4/16 : ENV PORT=3001
 ---> Using cache
 ---> dc342a4700b6
Step 5/16 : WORKDIR /app
 ---> Using cache
 ---> 6e8ff19f9087
Step 6/16 : COPY package*.json ./
 ---> Using cache
 ---> 12aab042ad38
Step 7/16 : RUN npm install
 ---> Using cache
 ---> d24abb654e23
Step 8/16 : COPY . .
 ---> f910b7ff937a
Step 9/16 : RUN npm run build
 ---> Running in 06a1d85212ed

> build
> nuxt build

┌  Building Nuxt for production...
│
●  Nuxt 3.20.2 (with Nitro 2.13.1, Vite 7.3.1 and Vue 3.5.26)
[nuxt:tailwindcss] ℹ Using default Tailwind CSS file
│
●  Nitro preset: node-server
[91m
 WARN  Browserslist: browsers data (caniuse-lite) is 6 months old. Please run:
  npx update-browserslist-db@latest
  Why you should do it regularly: https://github.com/browserslist/update-db#readme

[0mℹ Building client...
ℹ vite v7.3.1 building client environment for production...
ℹ transforming...
ℹ ✓ 223 modules transformed.
ℹ rendering chunks...
ℹ computing gzip size...
ℹ .nuxt/dist/client/manifest.json                     8.26 kB │ gzip:  1.11 kB
ℹ .nuxt/dist/client/_nuxt/_id_.DHQ5Yao4.css           0.09 kB │ gzip:  0.10 kB
ℹ .nuxt/dist/client/_nuxt/ScrollToTop.CWxl5VUE.css    0.13 kB │ gzip:  0.11 kB
ℹ .nuxt/dist/client/_nuxt/contact.DD_MsvEx.css        0.23 kB │ gzip:  0.15 kB
ℹ .nuxt/dist/client/_nuxt/index.Dc7vH7la.css          1.01 kB │ gzip:  0.46 kB
ℹ .nuxt/dist/client/_nuxt/cinemas.DgFd7aZ2.css        1.20 kB │ gzip:  0.51 kB
ℹ .nuxt/dist/client/_nuxt/error-500.CVLkTsZM.css      1.88 kB │ gzip:  0.72 kB
ℹ .nuxt/dist/client/_nuxt/index.BVEKKeum.css          2.78 kB │ gzip:  0.97 kB
ℹ .nuxt/dist/client/_nuxt/error-404.CYUhy3y9.css      3.53 kB │ gzip:  1.09 kB
ℹ .nuxt/dist/client/_nuxt/entry.w7Y0WEpi.css         15.22 kB │ gzip:  6.47 kB
ℹ .nuxt/dist/client/_nuxt/b_hpP9Gk.js                 0.21 kB │ gzip:  0.20 kB
ℹ .nuxt/dist/client/_nuxt/Detq3ge2.js                 0.25 kB │ gzip:  0.20 kB
ℹ .nuxt/dist/client/_nuxt/CADlCgnV.js                 0.67 kB │ gzip:  0.41 kB
ℹ .nuxt/dist/client/_nuxt/5etlEfJg.js                 0.78 kB │ gzip:  0.36 kB
ℹ .nuxt/dist/client/_nuxt/DU6CIJ0p.js                 0.88 kB │ gzip:  0.72 kB
ℹ .nuxt/dist/client/_nuxt/M9xGif7k.js                 0.90 kB │ gzip:  0.60 kB
ℹ .nuxt/dist/client/_nuxt/D4fsq8zy.js                 1.07 kB │ gzip:  0.66 kB
ℹ .nuxt/dist/client/_nuxt/Cm3nYgyx.js                 1.17 kB │ gzip:  0.64 kB
ℹ .nuxt/dist/client/_nuxt/BWkjs0wF.js                 1.17 kB │ gzip:  0.66 kB
ℹ .nuxt/dist/client/_nuxt/1XVsdVjA.js                 1.24 kB │ gzip:  0.65 kB
ℹ .nuxt/dist/client/_nuxt/DOjAhZ30.js                 1.35 kB │ gzip:  0.66 kB
ℹ .nuxt/dist/client/_nuxt/CTjdUzWk.js                 1.72 kB │ gzip:  0.76 kB
ℹ .nuxt/dist/client/_nuxt/C2eJqgqv.js                 2.01 kB │ gzip:  1.57 kB
ℹ .nuxt/dist/client/_nuxt/B6E9jBGF.js                 2.53 kB │ gzip:  1.14 kB
ℹ .nuxt/dist/client/_nuxt/DMiRaIj_.js                 2.75 kB │ gzip:  1.42 kB
ℹ .nuxt/dist/client/_nuxt/D4k_ikNW.js                 3.34 kB │ gzip:  2.55 kB
ℹ .nuxt/dist/client/_nuxt/BuR66mGn.js                 3.41 kB │ gzip:  1.54 kB
ℹ .nuxt/dist/client/_nuxt/B-jRD-pe.js                 3.76 kB │ gzip:  1.70 kB
ℹ .nuxt/dist/client/_nuxt/D8UZ2wJ3.js                 5.20 kB │ gzip:  1.54 kB
ℹ .nuxt/dist/client/_nuxt/gp6VdAlx.js                 5.66 kB │ gzip:  2.54 kB
ℹ .nuxt/dist/client/_nuxt/BdiLq0Pc.js                 6.81 kB │ gzip:  2.93 kB
ℹ .nuxt/dist/client/_nuxt/oyRhJ9ju.js                 6.89 kB │ gzip:  2.99 kB
ℹ .nuxt/dist/client/_nuxt/C5_ateZu.js                31.64 kB │ gzip:  7.77 kB
ℹ .nuxt/dist/client/_nuxt/C210bVOb.js               149.25 kB │ gzip: 43.12 kB
ℹ .nuxt/dist/client/_nuxt/CjPBq9Bq.js               149.97 kB │ gzip: 43.48 kB
ℹ .nuxt/dist/client/_nuxt/CGmKYtDI.js               190.22 kB │ gzip: 71.17 kB
ℹ ✓ built in 5.88s
✔ Client built in 5900ms
ℹ Building server...
ℹ vite v7.3.1 building ssr environment for production...
ℹ transforming...
ℹ ✓ 142 modules transformed.
ℹ rendering chunks...
ℹ ✓ built in 2.56s
✔ Server built in 2575ms
[nitro] ℹ Initializing prerenderer
[nitro] ℹ Prerendering 3 initial routes with crawler
[nitro]   ├─ / (103ms)
[nitro]   ├─ /_payload.json?cc6c3f67-307c-40bd-a76f-09b9fc2aed0d (9ms) (skipped)
[nitro]   ├─ /films (107ms)
[nitro]   ├─ /cinemas (110ms)
[nitro]   ├─ /films/_payload.json?cc6c3f67-307c-40bd-a76f-09b9fc2aed0d (4ms) (skipped)
[nitro]   ├─ /_payload.json (32ms)
[nitro]   ├─ /cinemas/_payload.json?cc6c3f67-307c-40bd-a76f-09b9fc2aed0d (2ms) (skipped)
[nitro]   ├─ /films/_payload.json (3ms)
[nitro]   ├─ /cgu (122ms)
[nitro]   ├─ /confidentialite (123ms)
[nitro]   ├─ /a-propos (123ms)
[nitro]   ├─ /cgu/_payload.json?cc6c3f67-307c-40bd-a76f-09b9fc2aed0d (32ms) (skipped)
[nitro]   ├─ /confidentialite/_payload.json?cc6c3f67-307c-40bd-a76f-09b9fc2aed0d (30ms) (skipped)
[nitro]   ├─ /faq (114ms)
[nitro]   ├─ /cinemas/_payload.json (13ms)
[nitro]   ├─ /mentions-legales (128ms)
[nitro]   ├─ /a-propos/_payload.json?cc6c3f67-307c-40bd-a76f-09b9fc2aed0d (8ms) (skipped)
[nitro]   ├─ /faq/_payload.json?cc6c3f67-307c-40bd-a76f-09b9fc2aed0d (4ms) (skipped)
[nitro]   ├─ /mentions-legales/_payload.json?cc6c3f67-307c-40bd-a76f-09b9fc2aed0d (3ms) (skipped)
[nitro]   ├─ /contact (166ms)
[nitro]   ├─ /contact/_payload.json?cc6c3f67-307c-40bd-a76f-09b9fc2aed0d (1ms) (skipped)
[nitro]   ├─ /cgu/_payload.json (33ms)
[nitro]   ├─ /confidentialite/_payload.json (29ms)
[nitro]   ├─ /a-propos/_payload.json (7ms)
[nitro]   ├─ /faq/_payload.json (5ms)
[nitro]   ├─ /mentions-legales/_payload.json (4ms)
[nitro]   ├─ /contact/_payload.json (2ms)
[nitro] ℹ Prerendered 18 routes in 1.665 seconds
[nitro] ✔ Generated public .output/public
[nitro] ℹ Building Nuxt Nitro server (preset: node-server, compatibility date: 2025-03-20)
[nitro] ✔ Nuxt Nitro server built
  ├─ .output/server/chunks/_/error-500.mjs (4.87 kB) (2.05 kB gzip)
  ├─ .output/server/chunks/_/error-500.mjs.map (181 B) (155 B gzip)
  ├─ .output/server/chunks/build/_id_-C_qfWYSx.mjs (11.5 kB) (3.44 kB gzip)
  ├─ .output/server/chunks/build/_id_-C_qfWYSx.mjs.map (6.78 kB) (1.77 kB gzip)
  ├─ .output/server/chunks/build/_id_-styles.yb8gny0x.mjs (339 B) (230 B gzip)
  ├─ .output/server/chunks/build/_id_-styles.yb8gny0x.mjs.map (188 B) (152 B gzip)
  ├─ .output/server/chunks/build/a-propos-CRp0MtpM.mjs (2.15 kB) (987 B gzip)
  ├─ .output/server/chunks/build/a-propos-CRp0MtpM.mjs.map (302 B) (189 B gzip)
  ├─ .output/server/chunks/build/cgu-bGBf1rA9.mjs (2.19 kB) (981 B gzip)
  ├─ .output/server/chunks/build/cgu-bGBf1rA9.mjs.map (292 B) (188 B gzip)
  ├─ .output/server/chunks/build/cinemas-Dqt7Oyco.mjs (2.46 kB) (900 B gzip)
  ├─ .output/server/chunks/build/cinemas-Dqt7Oyco.mjs.map (2.13 kB) (461 B gzip)
  ├─ .output/server/chunks/build/cinemas-FJElxftZ.mjs (9.54 kB) (3.12 kB gzip)
  ├─ .output/server/chunks/build/cinemas-FJElxftZ.mjs.map (4.6 kB) (1.28 kB gzip)
  ├─ .output/server/chunks/build/cinemas-styles.BbiZ0RY7.mjs (1.43 kB) (630 B gzip)
  ├─ .output/server/chunks/build/cinemas-styles.BbiZ0RY7.mjs.map (194 B) (156 B gzip)
  ├─ .output/server/chunks/build/client.precomputed.mjs (17.4 kB) (1.87 kB gzip)
  ├─ .output/server/chunks/build/client.precomputed.mjs.map (17 kB) (1.02 kB gzip)
  ├─ .output/server/chunks/build/confidentialite-CyFn7S0i.mjs (2.18 kB) (969 B gzip)
  ├─ .output/server/chunks/build/confidentialite-CyFn7S0i.mjs.map (316 B) (197 B gzip)
  ├─ .output/server/chunks/build/contact-DFAdZikr.mjs (6.33 kB) (1.91 kB gzip)
  ├─ .output/server/chunks/build/contact-DFAdZikr.mjs.map (440 B) (267 B gzip)
  ├─ .output/server/chunks/build/contact-styles.DCVbGyUe.mjs (491 B) (278 B gzip)
  ├─ .output/server/chunks/build/contact-styles.DCVbGyUe.mjs.map (194 B) (156 B gzip)
  ├─ .output/server/chunks/build/entry-styles-3.mjs-Yf5peypN.mjs (385 B) (251 B gzip)
  ├─ .output/server/chunks/build/entry-styles-3.mjs-Yf5peypN.mjs.map (96 B) (104 B gzip)
  ├─ .output/server/chunks/build/entry-styles.D12AY4_7.mjs (34.8 kB) (10.8 kB gzip)
  ├─ .output/server/chunks/build/entry-styles.D12AY4_7.mjs.map (246 B) (176 B gzip)
  ├─ .output/server/chunks/build/error-404-DMN5GxWz.mjs (5.64 kB) (2.25 kB gzip)
  ├─ .output/server/chunks/build/error-404-DMN5GxWz.mjs.map (223 B) (187 B gzip)
  ├─ .output/server/chunks/build/error-404-styles.BM3jSf5-.mjs (3.81 kB) (1.22 kB gzip)
  ├─ .output/server/chunks/build/error-404-styles.BM3jSf5-.mjs.map (198 B) (157 B gzip)
  ├─ .output/server/chunks/build/error-500-DXuCanyp.mjs (4.79 kB) (1.97 kB gzip)
  ├─ .output/server/chunks/build/error-500-DXuCanyp.mjs.map (205 B) (174 B gzip)
  ├─ .output/server/chunks/build/error-500-styles.BXdWm9Kk.mjs (2.16 kB) (858 B gzip)
  ├─ .output/server/chunks/build/error-500-styles.BXdWm9Kk.mjs.map (198 B) (159 B gzip)
  ├─ .output/server/chunks/build/faq-IzFOA9jj.mjs (2.3 kB) (991 B gzip)
  ├─ .output/server/chunks/build/faq-IzFOA9jj.mjs.map (292 B) (188 B gzip)
  ├─ .output/server/chunks/build/index-BCBd3cX6.mjs (19.2 kB) (4.33 kB gzip)
  ├─ .output/server/chunks/build/index-BCBd3cX6.mjs.map (11.4 kB) (2.87 kB gzip)
  ├─ .output/server/chunks/build/index-CUQqHVQs.mjs (3.78 kB) (1.45 kB gzip)
  ├─ .output/server/chunks/build/index-CUQqHVQs.mjs.map (875 B) (399 B gzip)
  ├─ .output/server/chunks/build/index-Dy8SlOHe.mjs (6.06 kB) (2.04 kB gzip)
  ├─ .output/server/chunks/build/index-Dy8SlOHe.mjs.map (2.11 kB) (787 B gzip)
  ├─ .output/server/chunks/build/index-styles.BhriMWgu.mjs (1.26 kB) (579 B gzip)
  ├─ .output/server/chunks/build/index-styles.BhriMWgu.mjs.map (190 B) (154 B gzip)
  ├─ .output/server/chunks/build/index-styles.BLqYFAfX.mjs (3.48 kB) (1.25 kB gzip)
  ├─ .output/server/chunks/build/index-styles.BLqYFAfX.mjs.map (208 B) (155 B gzip)
  ├─ .output/server/chunks/build/mentions-legales-PVDH0VI4.mjs (2.1 kB) (999 B gzip)
  ├─ .output/server/chunks/build/mentions-legales-PVDH0VI4.mjs.map (318 B) (198 B gzip)
  ├─ .output/server/chunks/build/ScrollToTop-BrCDtDTg.mjs (1.46 kB) (786 B gzip)
  ├─ .output/server/chunks/build/ScrollToTop-BrCDtDTg.mjs.map (377 B) (230 B gzip)
  ├─ .output/server/chunks/build/ScrollToTop-styles.C9VZrPNn.mjs (410 B) (248 B gzip)
  ├─ .output/server/chunks/build/ScrollToTop-styles.C9VZrPNn.mjs.map (202 B) (160 B gzip)
  ├─ .output/server/chunks/build/seances-tRlWcJgS.mjs (1.45 kB) (629 B gzip)
  ├─ .output/server/chunks/build/seances-tRlWcJgS.mjs.map (1.7 kB) (568 B gzip)
  ├─ .output/server/chunks/build/seo-Ck2VqPux.mjs (1.08 kB) (454 B gzip)
  ├─ .output/server/chunks/build/seo-Ck2VqPux.mjs.map (971 B) (337 B gzip)
  ├─ .output/server/chunks/build/server.mjs (53.4 kB) (13.1 kB gzip)
  ├─ .output/server/chunks/build/server.mjs.map (3 kB) (879 B gzip)
  ├─ .output/server/chunks/build/styles.mjs (2.48 kB) (553 B gzip)
  ├─ .output/server/chunks/build/styles.mjs.map (1.52 kB) (340 B gzip)
  ├─ .output/server/chunks/build/TheNavbar-styles.OUp77NL-.mjs (319 B) (207 B gzip)
  ├─ .output/server/chunks/build/TheNavbar-styles.OUp77NL-.mjs.map (198 B) (159 B gzip)
  ├─ .output/server/chunks/build/v3-DnDMBKvA.mjs (702 B) (372 B gzip)
  ├─ .output/server/chunks/build/v3-DnDMBKvA.mjs.map (179 B) (160 B gzip)
  ├─ .output/server/chunks/nitro/nitro.mjs (173 kB) (42.4 kB gzip)
  ├─ .output/server/chunks/nitro/nitro.mjs.map (2.96 kB) (749 B gzip)
  ├─ .output/server/chunks/routes/renderer.mjs (14.8 kB) (4.68 kB gzip)
  ├─ .output/server/chunks/routes/renderer.mjs.map (839 B) (273 B gzip)
  ├─ .output/server/chunks/virtual/_virtual_spa-template.mjs (94 B) (100 B gzip)
  ├─ .output/server/chunks/virtual/_virtual_spa-template.mjs.map (90 B) (98 B gzip)
  ├─ .output/server/index.mjs (353 B) (204 B gzip)
  └─ .output/server/package.json (864 B) (357 B gzip)
Σ Total size: 2.35 MB (587 kB gzip)
[nitro] ✔ You can preview this build using node .output/server/index.mjs
│
└  ✨ Build complete!
 ---> Removed intermediate container 06a1d85212ed
 ---> c8c394f102c7
Step 10/16 : FROM node:20.18.0-alpine
20.18.0-alpine: Pulling from library/node
Digest: sha256:b1e0880c3af955867bc2f1944b49d20187beb7afa3f30173e15a97149ab7f5f1
Status: Downloaded newer image for node:20.18.0-alpine
 ---> 115ff17faabb
Step 11/16 : WORKDIR /app
 ---> Using cache
 ---> 3ac7470ec90f
Step 12/16 : COPY --from=builder /app/.output /app/.output
 ---> 1fdb530c499d
Step 13/16 : EXPOSE ${PORT}
 ---> Running in 9ddc76a7a946
 ---> Removed intermediate container 9ddc76a7a946
 ---> 5d45e00f575c
Step 14/16 : HEALTHCHECK --interval=30s --timeout=3s --start-period=5s --retries=3     CMD wget --no-verbose --tries=1 --spider http://localhost:${PORT}/ || exit 1
 ---> Running in f16a343c81a7
 ---> Removed intermediate container f16a343c81a7
 ---> c716b4ff3e12
Step 15/16 : USER node
 ---> Running in b2a97ea82755
 ---> Removed intermediate container b2a97ea82755
 ---> 7f02e79ee74a
Step 16/16 : CMD ["node", ".output/server/index.mjs"]
 ---> Running in dc082d400aea
 ---> Removed intermediate container dc082d400aea
 ---> d67859185c81
Successfully built d67859185c81
Successfully tagged toulouse_cinema_frontend_tc:latest
Creating toulouse_cinema_backend_1 ... 
Creating toulouse_cinema_backend_1 ... done
Creating toulouse_cinema_frontend_tc_1 ... 
Creating toulouse_cinema_frontend_tc_1 ... done
=== Restart completed at Mon Jun 22 01:26:59 UTC 2026 ===
